{
  "$schema": "https://schema.commonfate.io/provider/v1alpha1",
  "config": {},
  "meta": {
    "framework": "0.1.5"
  },
  "resources": {
    "loaders": {},
    "types": {}
  },
  "targets": {
    "MyTarget": {
      "properties": {
        "first": {
          "description": "first var",
          "resource": null,
          "title": "First",
          "type": "string"
        }
      },
      "type": "object"
    },
    "SecondTarget": {
      "properties": {
        "second": {
          "description": "second var",
          "resource": null,
          "title": "Second",
          "type": "string"
        }
      },
      "type": "object"
    }
  }
}
