{
  "$schema": "https://schema.commonfate.io/provider/v1alpha1",
  "config": {},
  "meta": {
    "framework": "0.10.0"
  },
  "resources": {
    "loaders": {},
    "types": {}
  },
  "targets": {
    "MyTarget": {
      "properties": {},
      "type": "object"
    }
  }
}
