{
  "$schema": "https://schema.commonfate.io/provider/v1alpha1",
  "config": {
    "api_token": {
      "description": "API Token",
      "secret": true,
      "type": "string"
    },
    "some_config": {
      "description": "Some config usage",
      "secret": false,
      "type": "string"
    }
  },
  "meta": {
    "framework": "0.10.0"
  },
  "resources": {
    "loaders": {},
    "types": {
      "ConfigResource": {
        "properties": {
          "data": {
            "some_val": {
              "title": "Some Val",
              "type": "string"
            }
          },
          "id": {
            "title": "ID",
            "type": "string"
          },
          "name": {
            "title": "Name",
            "type": "string"
          }
        },
        "required": [
          "id",
          "name",
          "some_val"
        ],
        "title": "ConfigResource",
        "type": "object"
      }
    }
  },
  "targets": {
    "MyTarget": {
      "properties": {
        "first": {
          "description": "first var",
          "resource": null,
          "title": "First",
          "type": "string"
        },
        "my_resource": {
          "description": "first var",
          "resource": "ConfigResource",
          "title": "First",
          "type": "string"
        }
      },
      "type": "object"
    }
  }
}
