{
  "body": {
    "config": {},
    "diagnostics": [],
    "healthy": true,
    "provider": {
      "name": null,
      "publisher": null,
      "version": null
    },
    "schema": {
      "audit": {
        "resourceLoaders": {},
        "resources": {}
      },
      "config": {},
      "meta": {
        "commonfateProviderCoreVersion": "0.1.5",
        "schemaVersion": 1
      },
      "target": {
        "Default": {
          "schema": {
            "group": {
              "id": "group",
              "resourceName": null,
              "title": null,
              "type": "string"
            }
          }
        }
      }
    }
  }
}
