{
  "loaders": {},
  "types": {
    "NoName": {
      "description": "An example resource",
      "properties": {
        "data": {
          "value": {
            "title": "Value",
            "type": "string"
          }
        },
        "id": {
          "title": "ID",
          "type": "string"
        }
      },
      "required": [
        "id",
        "value"
      ],
      "title": "NoName",
      "type": "object"
    }
  }
}
