{
  "audit": {
    "resourceLoaders": {},
    "resources": {}
  },
  "config": {},
  "target": {
    "SomethingElse": {
      "schema": {}
    }
  }
}
