{
  "audit": {
    "resourceLoaders": {},
    "resources": {}
  },
  "config": {},
  "meta": {
    "commonfateProviderCoreVersion": "0.1.5",
    "schemaVersion": 1
  },
  "target": {
    "MyTarget": {
      "schema": {
        "first": {
          "description": "first var",
          "id": "first",
          "resourceName": null,
          "title": "First",
          "type": "string"
        }
      }
    },
    "SecondTarget": {
      "schema": {
        "second": {
          "description": "second var",
          "id": "second",
          "resourceName": null,
          "title": "Second",
          "type": "string"
        }
      }
    }
  }
}
