[
  {
    "level": "INFO",
    "msg": "some message here"
  },
  {
    "level": "ERROR",
    "msg": "config validation fails failed: something bad happened"
  }
]
